// Jest Snapshot v1, https://goo.gl/fbAQLP

exports[`App component renders without error 1`] = `"<div style=\\"width:500px;margin:10vh auto;display:flex;flex-direction:column;background-color:white;padding:20px;box-shadow:0 0 10px 4px #bfbfbf;border-radius:5px;height:80vh\\"><h2 class=\\"ant-typography\\" style=\\"text-align:center\\">TODO APP</h2><div class=\\"ant-divider ant-divider-horizontal\\" role=\\"separator\\"></div><div class=\\"ant-row\\" style=\\"height:calc(100% - 130px)\\"><div style=\\"height:calc(100% - 40px);overflow-y:scroll\\" class=\\"ant-col ant-col-24\\"></div><div class=\\"ant-col ant-col-24\\"><span class=\\"ant-input-group ant-input-group-compact\\" style=\\"display:flex;margin-top:20px\\"><input type=\\"text\\" value=\\"\\" name=\\"input-todo\\" class=\\"ant-input\\"/><button name=\\"submit-button\\" style=\\"background:#2DEB56;border-color:#2DEB56;color:white\\" type=\\"button\\" class=\\"ant-btn ant-btn-primary button-submit\\"><span>Add</span></button></span></div></div></div>"`;
